Token(type=RES, lexeme=res, literal=null, line=1)
Token(type=IDENTIFIER, lexeme=resolution, literal=null, line=1)
Token(type=DIV, lexeme=div, literal=null, line=2)
Token(type=IDENTIFIER, lexeme=divergent, literal=null, line=2)
Token(type=CON, lexeme=con, literal=null, line=3)
Token(type=IDENTIFIER, lexeme=condition, literal=null, line=3)
Token(type=TIMELEAP, lexeme=timeleap, literal=null, line=4)
Token(type=IDENTIFIER, lexeme=timeleaping, literal=null, line=4)
Token(type=DMAIL, lexeme=dmail, literal=null, line=5)
Token(type=IDENTIFIER, lexeme=dmailbox, literal=null, line=5)
Token(type=OPERATION, lexeme=operation, literal=null, line=6)
Token(type=IDENTIFIER, lexeme=operationmanager, literal=null, line=6)
Token(type=ELPSY, lexeme=elpsy, literal=null, line=7)
Token(type=IDENTIFIER, lexeme=elpsystem, literal=null, line=7)
Token(type=READINGSTEINER, lexeme=readingsteiner, literal=null, line=8)
Token(type=IDENTIFIER, lexeme=readingsteinerlog, literal=null, line=8)
Token(type=TRUE, lexeme=true, literal=null, line=9)
Token(type=IDENTIFIER, lexeme=truthy, literal=null, line=9)
Token(type=FALSE, lexeme=false, literal=null, line=10)
Token(type=IDENTIFIER, lexeme=falsey, literal=null, line=10)
Token(type=NULL, lexeme=null, literal=null, line=11)
Token(type=IDENTIFIER, lexeme=nullable, literal=null, line=11)
Token(type=AND, lexeme=and, literal=null, line=12)
Token(type=IDENTIFIER, lexeme=andy, literal=null, line=12)
Token(type=OR, lexeme=or, literal=null, line=13)
Token(type=IDENTIFIER, lexeme=orange, literal=null, line=13)
Token(type=IDENTIFIER, lexeme=x, literal=null, line=14)
Token(type=IDENTIFIER, lexeme=_count, literal=null, line=14)
Token(type=IDENTIFIER, lexeme=greeting1, literal=null, line=14)
Token(type=EOF, lexeme=, literal=null, line=15)
