Token(type=RES, lexeme=res, literal=null, line=1)
Token(type=IDENTIFIER, lexeme=x, literal=null, line=1)
Token(type=EQUAL, lexeme==, literal=null, line=1)
Token(type=NUMBER, lexeme=5, literal=5, line=1)
Token(type=RES, lexeme=res, literal=null, line=3)
Token(type=IDENTIFIER, lexeme=y, literal=null, line=3)
Token(type=EQUAL, lexeme==, literal=null, line=3)
Token(type=NUMBER, lexeme=10, literal=10, line=3)
Token(type=EOF, lexeme=, literal=null, line=4)
