Token(type=RES, lexeme=res, literal=null, line=1)
Token(type=IDENTIFIER, lexeme=a, literal=null, line=1)
Token(type=EQUAL, lexeme==, literal=null, line=1)
Token(type=NUMBER, lexeme=42, literal=42, line=1)
Token(type=RES, lexeme=res, literal=null, line=2)
Token(type=IDENTIFIER, lexeme=b, literal=null, line=2)
Token(type=EQUAL, lexeme==, literal=null, line=2)
Token(type=NUMBER, lexeme=0, literal=0, line=2)
Token(type=RES, lexeme=res, literal=null, line=3)
Token(type=IDENTIFIER, lexeme=c, literal=null, line=3)
Token(type=EQUAL, lexeme==, literal=null, line=3)
Token(type=NUMBER, lexeme=3.14, literal=3.14, line=3)
Token(type=RES, lexeme=res, literal=null, line=4)
Token(type=IDENTIFIER, lexeme=d, literal=null, line=4)
Token(type=EQUAL, lexeme==, literal=null, line=4)
Token(type=NUMBER, lexeme=100.001, literal=100.001, line=4)
Token(type=RES, lexeme=res, literal=null, line=5)
Token(type=IDENTIFIER, lexeme=e, literal=null, line=5)
Token(type=EQUAL, lexeme==, literal=null, line=5)
Token(type=NUMBER, lexeme=3, literal=3, line=5)
Token(type=DOT, lexeme=., literal=null, line=5)
Token(type=IDENTIFIER, lexeme=toString, literal=null, line=5)
Token(type=RES, lexeme=res, literal=null, line=6)
Token(type=IDENTIFIER, lexeme=f, literal=null, line=6)
Token(type=EQUAL, lexeme==, literal=null, line=6)
Token(type=DOT, lexeme=., literal=null, line=6)
Token(type=NUMBER, lexeme=5, literal=5, line=6)
Token(type=EOF, lexeme=, literal=null, line=7)
